[debug] [2025-05-22T15:43:18.236Z] ----------------------------------------------------------------------
[debug] [2025-05-22T15:43:18.241Z] Command:       C:\Program Files\nodejs\node.exe C:\Users\muham\AppData\Roaming\npm\node_modules\firebase-tools\lib\bin\firebase.js deploy --only functions
[debug] [2025-05-22T15:43:18.242Z] CLI Version:   14.4.0
[debug] [2025-05-22T15:43:18.242Z] Platform:      win32
[debug] [2025-05-22T15:43:18.242Z] Node Version:  v20.15.0
[debug] [2025-05-22T15:43:18.242Z] Time:          Thu May 22 2025 18:43:18 GMT+0300 (GMT+03:00)
[debug] [2025-05-22T15:43:18.243Z] ----------------------------------------------------------------------
[debug] 
[debug] [2025-05-22T15:43:18.654Z] > command requires scopes: ["email","openid","https://www.googleapis.com/auth/cloudplatformprojects.readonly","https://www.googleapis.com/auth/firebase","https://www.googleapis.com/auth/cloud-platform"]
[debug] [2025-05-22T15:43:18.655Z] > authorizing via signed-in user (muhammedalibekir@gmail.com)
[debug] [2025-05-22T15:43:18.655Z] [iam] checking project sira-takip for permissions ["cloudfunctions.functions.create","cloudfunctions.functions.delete","cloudfunctions.functions.get","cloudfunctions.functions.list","cloudfunctions.functions.update","cloudfunctions.operations.get","firebase.projects.get"]
[debug] [2025-05-22T15:43:18.657Z] Checked if tokens are valid: true, expires at: 1747931282747
[debug] [2025-05-22T15:43:18.658Z] Checked if tokens are valid: true, expires at: 1747931282747
[debug] [2025-05-22T15:43:18.659Z] >>> [apiv2][query] POST https://cloudresourcemanager.googleapis.com/v1/projects/sira-takip:testIamPermissions [none]
[debug] [2025-05-22T15:43:18.660Z] >>> [apiv2][(partial)header] POST https://cloudresourcemanager.googleapis.com/v1/projects/sira-takip:testIamPermissions x-goog-quota-user=projects/sira-takip
[debug] [2025-05-22T15:43:18.660Z] >>> [apiv2][body] POST https://cloudresourcemanager.googleapis.com/v1/projects/sira-takip:testIamPermissions {"permissions":["cloudfunctions.functions.create","cloudfunctions.functions.delete","cloudfunctions.functions.get","cloudfunctions.functions.list","cloudfunctions.functions.update","cloudfunctions.operations.get","firebase.projects.get"]}
[debug] [2025-05-22T15:43:19.716Z] <<< [apiv2][status] POST https://cloudresourcemanager.googleapis.com/v1/projects/sira-takip:testIamPermissions 200
[debug] [2025-05-22T15:43:19.716Z] <<< [apiv2][body] POST https://cloudresourcemanager.googleapis.com/v1/projects/sira-takip:testIamPermissions {"permissions":["cloudfunctions.functions.create","cloudfunctions.functions.delete","cloudfunctions.functions.get","cloudfunctions.functions.list","cloudfunctions.functions.update","cloudfunctions.operations.get","firebase.projects.get"]}
[debug] [2025-05-22T15:43:19.716Z] Checked if tokens are valid: true, expires at: 1747931282747
[debug] [2025-05-22T15:43:19.717Z] Checked if tokens are valid: true, expires at: 1747931282747
[debug] [2025-05-22T15:43:19.717Z] >>> [apiv2][query] POST https://iam.googleapis.com/v1/projects/sira-takip/serviceAccounts/sira-takip@appspot.gserviceaccount.com:testIamPermissions [none]
[debug] [2025-05-22T15:43:19.717Z] >>> [apiv2][body] POST https://iam.googleapis.com/v1/projects/sira-takip/serviceAccounts/sira-takip@appspot.gserviceaccount.com:testIamPermissions {"permissions":["iam.serviceAccounts.actAs"]}
[debug] [2025-05-22T15:43:20.779Z] <<< [apiv2][status] POST https://iam.googleapis.com/v1/projects/sira-takip/serviceAccounts/sira-takip@appspot.gserviceaccount.com:testIamPermissions 200
[debug] [2025-05-22T15:43:20.779Z] <<< [apiv2][body] POST https://iam.googleapis.com/v1/projects/sira-takip/serviceAccounts/sira-takip@appspot.gserviceaccount.com:testIamPermissions {"permissions":["iam.serviceAccounts.actAs"]}
[info] 
[info] === Deploying to 'sira-takip'...
[info] 
[info] i  deploying functions 
[info] +  functions: Finished running predeploy script. 
[debug] [2025-05-22T15:43:20.785Z] Checked if tokens are valid: true, expires at: 1747931282747
[debug] [2025-05-22T15:43:20.785Z] Checked if tokens are valid: true, expires at: 1747931282747
[debug] [2025-05-22T15:43:20.785Z] >>> [apiv2][query] GET https://serviceusage.googleapis.com/v1/projects/sira-takip/services/cloudresourcemanager.googleapis.com [none]
[debug] [2025-05-22T15:43:20.785Z] >>> [apiv2][(partial)header] GET https://serviceusage.googleapis.com/v1/projects/sira-takip/services/cloudresourcemanager.googleapis.com x-goog-quota-user=projects/sira-takip
[debug] [2025-05-22T15:43:22.234Z] <<< [apiv2][status] GET https://serviceusage.googleapis.com/v1/projects/sira-takip/services/cloudresourcemanager.googleapis.com 200
[debug] [2025-05-22T15:43:22.234Z] <<< [apiv2][body] GET https://serviceusage.googleapis.com/v1/projects/sira-takip/services/cloudresourcemanager.googleapis.com [omitted]
[debug] [2025-05-22T15:43:22.234Z] Checked if tokens are valid: true, expires at: 1747931282747
[debug] [2025-05-22T15:43:22.234Z] Checked if tokens are valid: true, expires at: 1747931282747
[debug] [2025-05-22T15:43:22.234Z] >>> [apiv2][query] GET https://cloudresourcemanager.googleapis.com/v1/projects/sira-takip [none]
[debug] [2025-05-22T15:43:22.476Z] <<< [apiv2][status] GET https://cloudresourcemanager.googleapis.com/v1/projects/sira-takip 200
[debug] [2025-05-22T15:43:22.477Z] <<< [apiv2][body] GET https://cloudresourcemanager.googleapis.com/v1/projects/sira-takip {"projectNumber":"886629696694","projectId":"sira-takip","lifecycleState":"ACTIVE","name":"sira-takip","labels":{"firebase":"enabled","firebase-core":"disabled"},"createTime":"2025-04-15T19:43:34.237848Z"}
[info] i  functions: preparing codebase default for deployment 
[info] i  functions: ensuring required API cloudfunctions.googleapis.com is enabled... 
[debug] [2025-05-22T15:43:22.482Z] Checked if tokens are valid: true, expires at: 1747931282747
[debug] [2025-05-22T15:43:22.483Z] Checked if tokens are valid: true, expires at: 1747931282747
[debug] [2025-05-22T15:43:22.483Z] Checked if tokens are valid: true, expires at: 1747931282747
[debug] [2025-05-22T15:43:22.483Z] Checked if tokens are valid: true, expires at: 1747931282747
[info] i  functions: ensuring required API cloudbuild.googleapis.com is enabled... 
[debug] [2025-05-22T15:43:22.484Z] Checked if tokens are valid: true, expires at: 1747931282747
[debug] [2025-05-22T15:43:22.484Z] Checked if tokens are valid: true, expires at: 1747931282747
[info] i  artifactregistry: ensuring required API artifactregistry.googleapis.com is enabled... 
[debug] [2025-05-22T15:43:22.485Z] Checked if tokens are valid: true, expires at: 1747931282747
[debug] [2025-05-22T15:43:22.485Z] Checked if tokens are valid: true, expires at: 1747931282747
[debug] [2025-05-22T15:43:22.486Z] >>> [apiv2][query] GET https://serviceusage.googleapis.com/v1/projects/sira-takip/services/cloudfunctions.googleapis.com [none]
[debug] [2025-05-22T15:43:22.486Z] >>> [apiv2][(partial)header] GET https://serviceusage.googleapis.com/v1/projects/sira-takip/services/cloudfunctions.googleapis.com x-goog-quota-user=projects/sira-takip
[debug] [2025-05-22T15:43:22.486Z] >>> [apiv2][query] GET https://serviceusage.googleapis.com/v1/projects/sira-takip/services/runtimeconfig.googleapis.com [none]
[debug] [2025-05-22T15:43:22.486Z] >>> [apiv2][(partial)header] GET https://serviceusage.googleapis.com/v1/projects/sira-takip/services/runtimeconfig.googleapis.com x-goog-quota-user=projects/sira-takip
[debug] [2025-05-22T15:43:22.492Z] >>> [apiv2][query] GET https://serviceusage.googleapis.com/v1/projects/sira-takip/services/cloudbuild.googleapis.com [none]
[debug] [2025-05-22T15:43:22.492Z] >>> [apiv2][(partial)header] GET https://serviceusage.googleapis.com/v1/projects/sira-takip/services/cloudbuild.googleapis.com x-goog-quota-user=projects/sira-takip
[debug] [2025-05-22T15:43:22.496Z] >>> [apiv2][query] GET https://serviceusage.googleapis.com/v1/projects/sira-takip/services/artifactregistry.googleapis.com [none]
[debug] [2025-05-22T15:43:22.497Z] >>> [apiv2][(partial)header] GET https://serviceusage.googleapis.com/v1/projects/sira-takip/services/artifactregistry.googleapis.com x-goog-quota-user=projects/sira-takip
[debug] [2025-05-22T15:43:23.535Z] <<< [apiv2][status] GET https://serviceusage.googleapis.com/v1/projects/sira-takip/services/cloudfunctions.googleapis.com 200
[debug] [2025-05-22T15:43:23.536Z] <<< [apiv2][body] GET https://serviceusage.googleapis.com/v1/projects/sira-takip/services/cloudfunctions.googleapis.com [omitted]
[info] +  functions: required API cloudfunctions.googleapis.com is enabled 
[debug] [2025-05-22T15:43:23.715Z] <<< [apiv2][status] GET https://serviceusage.googleapis.com/v1/projects/sira-takip/services/artifactregistry.googleapis.com 200
[debug] [2025-05-22T15:43:23.715Z] <<< [apiv2][body] GET https://serviceusage.googleapis.com/v1/projects/sira-takip/services/artifactregistry.googleapis.com [omitted]
[info] +  artifactregistry: required API artifactregistry.googleapis.com is enabled 
[debug] [2025-05-22T15:43:23.717Z] <<< [apiv2][status] GET https://serviceusage.googleapis.com/v1/projects/sira-takip/services/cloudbuild.googleapis.com 200
[debug] [2025-05-22T15:43:23.717Z] <<< [apiv2][body] GET https://serviceusage.googleapis.com/v1/projects/sira-takip/services/cloudbuild.googleapis.com [omitted]
[info] +  functions: required API cloudbuild.googleapis.com is enabled 
[debug] [2025-05-22T15:43:23.964Z] <<< [apiv2][status] GET https://serviceusage.googleapis.com/v1/projects/sira-takip/services/runtimeconfig.googleapis.com 200
[debug] [2025-05-22T15:43:23.964Z] <<< [apiv2][body] GET https://serviceusage.googleapis.com/v1/projects/sira-takip/services/runtimeconfig.googleapis.com [omitted]
[debug] [2025-05-22T15:43:23.964Z] Checked if tokens are valid: true, expires at: 1747931282747
[debug] [2025-05-22T15:43:23.965Z] Checked if tokens are valid: true, expires at: 1747931282747
[debug] [2025-05-22T15:43:23.965Z] >>> [apiv2][query] GET https://firebase.googleapis.com/v1beta1/projects/sira-takip/adminSdkConfig [none]
[debug] [2025-05-22T15:43:24.698Z] <<< [apiv2][status] GET https://firebase.googleapis.com/v1beta1/projects/sira-takip/adminSdkConfig 200
[debug] [2025-05-22T15:43:24.699Z] <<< [apiv2][body] GET https://firebase.googleapis.com/v1beta1/projects/sira-takip/adminSdkConfig {"projectId":"sira-takip","databaseURL":"https://sira-takip-default-rtdb.europe-west1.firebasedatabase.app","storageBucket":"sira-takip.firebasestorage.app"}
[debug] [2025-05-22T15:43:24.699Z] Checked if tokens are valid: true, expires at: 1747931282747
[debug] [2025-05-22T15:43:24.699Z] Checked if tokens are valid: true, expires at: 1747931282747
[debug] [2025-05-22T15:43:24.699Z] >>> [apiv2][query] GET https://runtimeconfig.googleapis.com/v1beta1/projects/sira-takip/configs [none]
[debug] [2025-05-22T15:43:25.146Z] <<< [apiv2][status] GET https://runtimeconfig.googleapis.com/v1beta1/projects/sira-takip/configs 200
[debug] [2025-05-22T15:43:25.146Z] <<< [apiv2][body] GET https://runtimeconfig.googleapis.com/v1beta1/projects/sira-takip/configs {}
[debug] [2025-05-22T15:43:25.148Z] Validating nodejs source
[warn] !  functions: package.json indicates an outdated version of firebase-functions. Please upgrade using npm install --save firebase-functions@latest in your functions directory. 
[warn] !  functions: Please note that there will be breaking changes when you upgrade. 
[debug] [2025-05-22T15:43:26.634Z] > [functions] package.json contents: {
  "name": "functions",
  "description": "Cloud Functions for Firebase",
  "scripts": {
    "lint": "eslint .",
    "serve": "firebase emulators:start --only functions",
    "shell": "firebase functions:shell",
    "start": "npm run shell",
    "deploy": "firebase deploy --only functions",
    "logs": "firebase functions:log"
  },
  "engines": {
    "node": "22"
  },
  "main": "index.js",
  "dependencies": {
    "firebase-admin": "^12.0.0",
    "firebase-functions": "^4.9.0",
    "node-fetch": "^2.7.0"
  },
  "devDependencies": {
    "eslint": "^8.15.0",
    "eslint-config-google": "^0.14.0"
  },
  "private": true
}
[debug] [2025-05-22T15:43:26.634Z] Building nodejs source
[info] i  functions: Loading and analyzing source code for codebase default to determine what to deploy 
[info] i  functions: You are using a version of firebase-functions SDK (4.9.0) that does not have support for the newest Firebase Extensions features. Please update firebase-functions SDK to >=5.1.0 to use them correctly 
[debug] [2025-05-22T15:43:26.637Z] Could not find functions.yaml. Must use http discovery
[debug] [2025-05-22T15:43:26.653Z] Found firebase-functions binary at 'C:\Users\muham\OneDrive\Desktop\sira-takip-main\functions\node_modules\.bin\firebase-functions'
[info] Serving at port 8906

[debug] [2025-05-22T15:43:27.439Z] Got response from /__/functions.yaml {"endpoints":{"bildirimGonder":{"availableMemoryMb":null,"timeoutSeconds":null,"minInstances":null,"maxInstances":null,"ingressSettings":null,"concurrency":null,"serviceAccountEmail":null,"vpc":null,"platform":"gcfv2","region":["europe-west1"],"labels":{},"eventTrigger":{"eventType":"google.firebase.database.ref.v1.written","eventFilters":{},"eventFilterPathPatterns":{"ref":"siradakiKisi","instance":"*"},"retry":false},"entryPoint":"bildirimGonder"},"currentIndexTakip":{"availableMemoryMb":null,"timeoutSeconds":null,"minInstances":null,"maxInstances":null,"ingressSettings":null,"concurrency":null,"serviceAccountEmail":null,"vpc":null,"platform":"gcfv2","region":["europe-west1"],"labels":{},"eventTrigger":{"eventType":"google.firebase.database.ref.v1.updated","eventFilters":{},"eventFilterPathPatterns":{"ref":"siraTakip/currentIndex","instance":"*"},"retry":false},"entryPoint":"currentIndexTakip"}},"specVersion":"v1alpha1","requiredAPIs":[]}
[info] i  functions: preparing functions directory for uploading... 
[info] i  functions: packaged C:\Users\muham\OneDrive\Desktop\sira-takip-main\functions (41.74 KB) for uploading 
[debug] [2025-05-22T15:43:32.583Z] Checked if tokens are valid: true, expires at: 1747931282747
[debug] [2025-05-22T15:43:32.585Z] Checked if tokens are valid: true, expires at: 1747931282747
[debug] [2025-05-22T15:43:32.586Z] >>> [apiv2][query] GET https://cloudfunctions.googleapis.com/v1/projects/sira-takip/locations/-/functions [none]
[debug] [2025-05-22T15:43:33.387Z] <<< [apiv2][status] GET https://cloudfunctions.googleapis.com/v1/projects/sira-takip/locations/-/functions 200
[debug] [2025-05-22T15:43:33.387Z] <<< [apiv2][body] GET https://cloudfunctions.googleapis.com/v1/projects/sira-takip/locations/-/functions {}
[debug] [2025-05-22T15:43:33.387Z] Checked if tokens are valid: true, expires at: 1747931282747
[debug] [2025-05-22T15:43:33.387Z] Checked if tokens are valid: true, expires at: 1747931282747
[debug] [2025-05-22T15:43:33.388Z] >>> [apiv2][query] GET https://cloudfunctions.googleapis.com/v2/projects/sira-takip/locations/-/functions filter=environment%3D%22GEN_2%22
[debug] [2025-05-22T15:43:34.455Z] <<< [apiv2][status] GET https://cloudfunctions.googleapis.com/v2/projects/sira-takip/locations/-/functions 200
[debug] [2025-05-22T15:43:34.455Z] <<< [apiv2][body] GET https://cloudfunctions.googleapis.com/v2/projects/sira-takip/locations/-/functions {"functions":[{"name":"projects/sira-takip/locations/europe-west1/functions/currentIndexTakip","buildConfig":{"build":"projects/886629696694/locations/europe-west1/builds/73d52e8f-1f20-40cb-b150-1a3b10108b2e","runtime":"nodejs22","entryPoint":"currentIndexTakip","source":{"storageSource":{"bucket":"gcf-v2-sources-886629696694-europe-west1","object":"currentIndexTakip/function-source.zip","generation":"1747927806567933"}},"environmentVariables":{"GOOGLE_NODE_RUN_SCRIPTS":""},"dockerRepository":"projects/sira-takip/locations/europe-west1/repositories/gcf-artifacts","sourceProvenance":{"resolvedStorageSource":{"bucket":"gcf-v2-sources-886629696694-europe-west1","object":"currentIndexTakip/function-source.zip","generation":"1747927806567933"}},"dockerRegistry":"ARTIFACT_REGISTRY","serviceAccount":"projects/sira-takip/serviceAccounts/886629696694-compute@developer.gserviceaccount.com","automaticUpdatePolicy":{}},"serviceConfig":{"service":"projects/sira-takip/locations/europe-west1/services/currentindextakip","timeoutSeconds":60,"environmentVariables":{"FIREBASE_CONFIG":"{\"projectId\":\"sira-takip\",\"databaseURL\":\"https://sira-takip-default-rtdb.europe-west1.firebasedatabase.app\",\"storageBucket\":\"sira-takip.firebasestorage.app\"}","GCLOUD_PROJECT":"sira-takip","EVENTARC_CLOUD_EVENT_SOURCE":"projects/sira-takip/locations/europe-west1/services/currentIndexTakip","FUNCTION_SIGNATURE_TYPE":"cloudevent","FUNCTION_TARGET":"currentIndexTakip","LOG_EXECUTION_ID":"true"},"maxInstanceCount":40,"ingressSettings":"ALLOW_ALL","uri":"https://currentindextakip-npm4mtkzhq-ew.a.run.app","serviceAccountEmail":"886629696694-compute@developer.gserviceaccount.com","availableMemory":"256Mi","allTrafficOnLatestRevision":true,"revision":"currentindextakip-00001-mib","maxInstanceRequestConcurrency":80,"availableCpu":"1"},"eventTrigger":{"trigger":"projects/sira-takip/locations/europe-west1/triggers/currentindextakip-753967","triggerRegion":"europe-west1","eventType":"google.firebase.database.ref.v1.updated","eventFilters":[{"attribute":"instance","value":"*","operator":"match-path-pattern"},{"attribute":"ref","value":"siraTakip/currentIndex","operator":"match-path-pattern"}],"pubsubTopic":"projects/sira-takip/topics/eventarc-europe-west1-currentindextakip-753967-958","serviceAccountEmail":"886629696694-compute@developer.gserviceaccount.com","retryPolicy":"RETRY_POLICY_DO_NOT_RETRY"},"state":"ACTIVE","updateTime":"2025-05-22T15:31:24.540574490Z","labels":{"deployment-tool":"cli-firebase","firebase-functions-hash":"d567911a9b5d409834161f7307756c857eaddb69"},"environment":"GEN_2","url":"https://europe-west1-sira-takip.cloudfunctions.net/currentIndexTakip","createTime":"2025-05-22T15:30:07.078251225Z","satisfiesPzi":true},{"name":"projects/sira-takip/locations/europe-west1/functions/bildirimGonder","buildConfig":{"build":"projects/886629696694/locations/europe-west1/builds/73d52e8f-1f20-40cb-b150-1a3b10108b2e","runtime":"nodejs22","entryPoint":"bildirimGonder","source":{"storageSource":{"bucket":"gcf-v2-sources-886629696694-europe-west1","object":"bildirimGonder/function-source.zip","generation":"1747927866288338"}},"environmentVariables":{"GOOGLE_NODE_RUN_SCRIPTS":""},"dockerRepository":"projects/sira-takip/locations/europe-west1/repositories/gcf-artifacts","sourceProvenance":{"resolvedStorageSource":{"bucket":"gcf-v2-sources-886629696694-europe-west1","object":"bildirimGonder/function-source.zip","generation":"1747927866288338"}},"dockerRegistry":"ARTIFACT_REGISTRY","serviceAccount":"projects/sira-takip/serviceAccounts/886629696694-compute@developer.gserviceaccount.com","automaticUpdatePolicy":{}},"serviceConfig":{"service":"projects/sira-takip/locations/europe-west1/services/bildirimgonder","timeoutSeconds":60,"environmentVariables":{"FIREBASE_CONFIG":"{\"projectId\":\"sira-takip\",\"databaseURL\":\"https://sira-takip-default-rtdb.europe-west1.firebasedatabase.app\",\"storageBucket\":\"sira-takip.firebasestorage.app\"}","GCLOUD_PROJECT":"sira-takip","EVENTARC_CLOUD_EVENT_SOURCE":"projects/sira-takip/locations/europe-west1/services/bildirimGonder","FUNCTION_SIGNATURE_TYPE":"cloudevent","FUNCTION_TARGET":"bildirimGonder","LOG_EXECUTION_ID":"true"},"maxInstanceCount":40,"ingressSettings":"ALLOW_ALL","uri":"https://bildirimgonder-npm4mtkzhq-ew.a.run.app","serviceAccountEmail":"886629696694-compute@developer.gserviceaccount.com","availableMemory":"256Mi","allTrafficOnLatestRevision":true,"revision":"bildirimgonder-00002-tuf","maxInstanceRequestConcurrency":80,"availableCpu":"1"},"eventTrigger":{"trigger":"projects/sira-takip/locations/europe-west1/triggers/bildirimgonder-816229","triggerRegion":"europe-west1","eventType":"google.firebase.database.ref.v1.written","eventFilters":[{"attribute":"ref","value":"siradakiKisi","operator":"match-path-pattern"},{"attribute":"instance","value":"*","operator":"match-path-pattern"}],"pubsubTopic":"projects/sira-takip/topics/eventarc-europe-west1-bildirimgonder-816229-297","serviceAccountEmail":"886629696694-compute@developer.gserviceaccount.com","retryPolicy":"RETRY_POLICY_DO_NOT_RETRY"},"state":"ACTIVE","updateTime":"2025-05-22T15:31:22.222952183Z","labels":{"deployment-tool":"cli-firebase","firebase-functions-hash":"d567911a9b5d409834161f7307756c857eaddb69"},"environment":"GEN_2","url":"https://europe-west1-sira-takip.cloudfunctions.net/bildirimGonder","createTime":"2025-05-22T13:34:41.626023484Z","satisfiesPzi":true}]}
[info] i  functions: ensuring required API run.googleapis.com is enabled... 
[debug] [2025-05-22T15:43:34.459Z] Checked if tokens are valid: true, expires at: 1747931282747
[debug] [2025-05-22T15:43:34.459Z] Checked if tokens are valid: true, expires at: 1747931282747
[info] i  functions: ensuring required API eventarc.googleapis.com is enabled... 
[debug] [2025-05-22T15:43:34.460Z] Checked if tokens are valid: true, expires at: 1747931282747
[debug] [2025-05-22T15:43:34.460Z] Checked if tokens are valid: true, expires at: 1747931282747
[info] i  functions: ensuring required API pubsub.googleapis.com is enabled... 
[debug] [2025-05-22T15:43:34.460Z] Checked if tokens are valid: true, expires at: 1747931282747
[debug] [2025-05-22T15:43:34.460Z] Checked if tokens are valid: true, expires at: 1747931282747
[info] i  functions: ensuring required API storage.googleapis.com is enabled... 
[debug] [2025-05-22T15:43:34.461Z] Checked if tokens are valid: true, expires at: 1747931282747
[debug] [2025-05-22T15:43:34.461Z] Checked if tokens are valid: true, expires at: 1747931282747
[debug] [2025-05-22T15:43:34.461Z] >>> [apiv2][query] GET https://serviceusage.googleapis.com/v1/projects/886629696694/services/run.googleapis.com [none]
[debug] [2025-05-22T15:43:34.461Z] >>> [apiv2][(partial)header] GET https://serviceusage.googleapis.com/v1/projects/886629696694/services/run.googleapis.com x-goog-quota-user=projects/886629696694
[debug] [2025-05-22T15:43:34.463Z] >>> [apiv2][query] GET https://serviceusage.googleapis.com/v1/projects/886629696694/services/eventarc.googleapis.com [none]
[debug] [2025-05-22T15:43:34.463Z] >>> [apiv2][(partial)header] GET https://serviceusage.googleapis.com/v1/projects/886629696694/services/eventarc.googleapis.com x-goog-quota-user=projects/886629696694
[debug] [2025-05-22T15:43:34.465Z] >>> [apiv2][query] GET https://serviceusage.googleapis.com/v1/projects/886629696694/services/pubsub.googleapis.com [none]
[debug] [2025-05-22T15:43:34.465Z] >>> [apiv2][(partial)header] GET https://serviceusage.googleapis.com/v1/projects/886629696694/services/pubsub.googleapis.com x-goog-quota-user=projects/886629696694
[debug] [2025-05-22T15:43:34.468Z] >>> [apiv2][query] GET https://serviceusage.googleapis.com/v1/projects/886629696694/services/storage.googleapis.com [none]
[debug] [2025-05-22T15:43:34.468Z] >>> [apiv2][(partial)header] GET https://serviceusage.googleapis.com/v1/projects/886629696694/services/storage.googleapis.com x-goog-quota-user=projects/886629696694
[debug] [2025-05-22T15:43:35.580Z] <<< [apiv2][status] GET https://serviceusage.googleapis.com/v1/projects/886629696694/services/pubsub.googleapis.com 200
[debug] [2025-05-22T15:43:35.581Z] <<< [apiv2][body] GET https://serviceusage.googleapis.com/v1/projects/886629696694/services/pubsub.googleapis.com [omitted]
[info] +  functions: required API pubsub.googleapis.com is enabled 
[debug] [2025-05-22T15:43:35.589Z] <<< [apiv2][status] GET https://serviceusage.googleapis.com/v1/projects/886629696694/services/run.googleapis.com 200
[debug] [2025-05-22T15:43:35.589Z] <<< [apiv2][body] GET https://serviceusage.googleapis.com/v1/projects/886629696694/services/run.googleapis.com [omitted]
[info] +  functions: required API run.googleapis.com is enabled 
[debug] [2025-05-22T15:43:35.591Z] <<< [apiv2][status] GET https://serviceusage.googleapis.com/v1/projects/886629696694/services/storage.googleapis.com 200
[debug] [2025-05-22T15:43:35.592Z] <<< [apiv2][body] GET https://serviceusage.googleapis.com/v1/projects/886629696694/services/storage.googleapis.com [omitted]
[info] +  functions: required API storage.googleapis.com is enabled 
[debug] [2025-05-22T15:43:35.612Z] <<< [apiv2][status] GET https://serviceusage.googleapis.com/v1/projects/886629696694/services/eventarc.googleapis.com 200
[debug] [2025-05-22T15:43:35.612Z] <<< [apiv2][body] GET https://serviceusage.googleapis.com/v1/projects/886629696694/services/eventarc.googleapis.com [omitted]
[info] +  functions: required API eventarc.googleapis.com is enabled 
[info] i  functions: generating the service identity for pubsub.googleapis.com... 
[debug] [2025-05-22T15:43:35.613Z] Checked if tokens are valid: true, expires at: 1747931282747
[debug] [2025-05-22T15:43:35.614Z] Checked if tokens are valid: true, expires at: 1747931282747
[info] i  functions: generating the service identity for eventarc.googleapis.com... 
[debug] [2025-05-22T15:43:35.614Z] Checked if tokens are valid: true, expires at: 1747931282747
[debug] [2025-05-22T15:43:35.614Z] Checked if tokens are valid: true, expires at: 1747931282747
[debug] [2025-05-22T15:43:35.614Z] >>> [apiv2][query] POST https://serviceusage.googleapis.com/v1beta1/projects/886629696694/services/pubsub.googleapis.com:generateServiceIdentity [none]
[debug] [2025-05-22T15:43:35.615Z] >>> [apiv2][query] POST https://serviceusage.googleapis.com/v1beta1/projects/886629696694/services/eventarc.googleapis.com:generateServiceIdentity [none]
[debug] [2025-05-22T15:43:36.077Z] <<< [apiv2][status] POST https://serviceusage.googleapis.com/v1beta1/projects/886629696694/services/pubsub.googleapis.com:generateServiceIdentity 200
[debug] [2025-05-22T15:43:36.077Z] <<< [apiv2][body] POST https://serviceusage.googleapis.com/v1beta1/projects/886629696694/services/pubsub.googleapis.com:generateServiceIdentity {"name":"operations/finished.DONE_OPERATION","done":true,"response":{"@type":"type.googleapis.com/google.api.serviceusage.v1beta1.ServiceIdentity","email":"service-886629696694@gcp-sa-pubsub.iam.gserviceaccount.com","uniqueId":"114877232827438550331"}}
[debug] [2025-05-22T15:43:36.684Z] <<< [apiv2][status] POST https://serviceusage.googleapis.com/v1beta1/projects/886629696694/services/eventarc.googleapis.com:generateServiceIdentity 200
[debug] [2025-05-22T15:43:36.684Z] <<< [apiv2][body] POST https://serviceusage.googleapis.com/v1beta1/projects/886629696694/services/eventarc.googleapis.com:generateServiceIdentity {"name":"operations/finished.DONE_OPERATION","done":true,"response":{"@type":"type.googleapis.com/google.api.serviceusage.v1beta1.ServiceIdentity","email":"service-886629696694@gcp-sa-eventarc.iam.gserviceaccount.com","uniqueId":"110107541000075100279"}}
[debug] [2025-05-22T15:43:36.687Z] Checked if tokens are valid: true, expires at: 1747931282747
[debug] [2025-05-22T15:43:36.687Z] Checked if tokens are valid: true, expires at: 1747931282747
[debug] [2025-05-22T15:43:36.688Z] >>> [apiv2][query] GET https://serviceusage.googleapis.com/v1/projects/sira-takip/services/cloudresourcemanager.googleapis.com [none]
[debug] [2025-05-22T15:43:36.688Z] >>> [apiv2][(partial)header] GET https://serviceusage.googleapis.com/v1/projects/sira-takip/services/cloudresourcemanager.googleapis.com x-goog-quota-user=projects/sira-takip
[debug] [2025-05-22T15:43:37.106Z] <<< [apiv2][status] GET https://serviceusage.googleapis.com/v1/projects/sira-takip/services/cloudresourcemanager.googleapis.com 200
[debug] [2025-05-22T15:43:37.106Z] <<< [apiv2][body] GET https://serviceusage.googleapis.com/v1/projects/sira-takip/services/cloudresourcemanager.googleapis.com [omitted]
[debug] [2025-05-22T15:43:37.106Z] Checked if tokens are valid: true, expires at: 1747931282747
[debug] [2025-05-22T15:43:37.106Z] Checked if tokens are valid: true, expires at: 1747931282747
[debug] [2025-05-22T15:43:37.106Z] >>> [apiv2][query] GET https://cloudresourcemanager.googleapis.com/v1/projects/sira-takip [none]
[debug] [2025-05-22T15:43:38.067Z] <<< [apiv2][status] GET https://cloudresourcemanager.googleapis.com/v1/projects/sira-takip 200
[debug] [2025-05-22T15:43:38.068Z] <<< [apiv2][body] GET https://cloudresourcemanager.googleapis.com/v1/projects/sira-takip {"projectNumber":"886629696694","projectId":"sira-takip","lifecycleState":"ACTIVE","name":"sira-takip","labels":{"firebase":"enabled","firebase-core":"disabled"},"createTime":"2025-04-15T19:43:34.237848Z"}
[debug] [2025-05-22T15:43:38.068Z] Checked if tokens are valid: true, expires at: 1747931282747
[debug] [2025-05-22T15:43:38.068Z] Checked if tokens are valid: true, expires at: 1747931282747
[debug] [2025-05-22T15:43:38.068Z] >>> [apiv2][query] GET https://compute.googleapis.com/compute/v1/projects/886629696694 [none]
[debug] [2025-05-22T15:43:38.503Z] <<< [apiv2][status] GET https://compute.googleapis.com/compute/v1/projects/886629696694 403
[debug] [2025-05-22T15:43:38.503Z] <<< [apiv2][body] GET https://compute.googleapis.com/compute/v1/projects/886629696694 {"error":{"code":403,"message":"Compute Engine API has not been used in project 886629696694 before or it is disabled. Enable it by visiting https://console.developers.google.com/apis/api/compute.googleapis.com/overview?project=886629696694 then retry. If you enabled this API recently, wait a few minutes for the action to propagate to our systems and retry.","errors":[{"message":"Compute Engine API has not been used in project 886629696694 before or it is disabled. Enable it by visiting https://console.developers.google.com/apis/api/compute.googleapis.com/overview?project=886629696694 then retry. If you enabled this API recently, wait a few minutes for the action to propagate to our systems and retry.","domain":"usageLimits","reason":"accessNotConfigured","extendedHelp":"https://console.developers.google.com"}],"status":"PERMISSION_DENIED","details":[{"@type":"type.googleapis.com/google.rpc.ErrorInfo","reason":"SERVICE_DISABLED","domain":"googleapis.com","metadata":{"activationUrl":"https://console.developers.google.com/apis/api/compute.googleapis.com/overview?project=886629696694","service":"compute.googleapis.com","consumer":"projects/886629696694","serviceTitle":"Compute Engine API","containerInfo":"886629696694"}},{"@type":"type.googleapis.com/google.rpc.LocalizedMessage","locale":"en-US","message":"Compute Engine API has not been used in project 886629696694 before or it is disabled. Enable it by visiting https://console.developers.google.com/apis/api/compute.googleapis.com/overview?project=886629696694 then retry. If you enabled this API recently, wait a few minutes for the action to propagate to our systems and retry."},{"@type":"type.googleapis.com/google.rpc.Help","links":[{"description":"Google developers console API activation","url":"https://console.developers.google.com/apis/api/compute.googleapis.com/overview?project=886629696694"}]}]}}
[debug] [2025-05-22T15:43:38.504Z] unable to look up default compute service account. Falling back to 886629696694-compute@developer.gserviceaccount.com. Error: {"name":"FirebaseError","children":[],"context":{"body":{"error":{"code":403,"message":"Compute Engine API has not been used in project 886629696694 before or it is disabled. Enable it by visiting https://console.developers.google.com/apis/api/compute.googleapis.com/overview?project=886629696694 then retry. If you enabled this API recently, wait a few minutes for the action to propagate to our systems and retry.","errors":[{"message":"Compute Engine API has not been used in project 886629696694 before or it is disabled. Enable it by visiting https://console.developers.google.com/apis/api/compute.googleapis.com/overview?project=886629696694 then retry. If you enabled this API recently, wait a few minutes for the action to propagate to our systems and retry.","domain":"usageLimits","reason":"accessNotConfigured","extendedHelp":"https://console.developers.google.com"}],"status":"PERMISSION_DENIED","details":[{"@type":"type.googleapis.com/google.rpc.ErrorInfo","reason":"SERVICE_DISABLED","domain":"googleapis.com","metadata":{"activationUrl":"https://console.developers.google.com/apis/api/compute.googleapis.com/overview?project=886629696694","service":"compute.googleapis.com","consumer":"projects/886629696694","serviceTitle":"Compute Engine API","containerInfo":"886629696694"}},{"@type":"type.googleapis.com/google.rpc.LocalizedMessage","locale":"en-US","message":"Compute Engine API has not been used in project 886629696694 before or it is disabled. Enable it by visiting https://console.developers.google.com/apis/api/compute.googleapis.com/overview?project=886629696694 then retry. If you enabled this API recently, wait a few minutes for the action to propagate to our systems and retry."},{"@type":"type.googleapis.com/google.rpc.Help","links":[{"description":"Google developers console API activation","url":"https://console.developers.google.com/apis/api/compute.googleapis.com/overview?project=886629696694"}]}]}},"response":{"statusCode":403}},"exit":1,"message":"Request to https://compute.googleapis.com/compute/v1/projects/886629696694 had HTTP Error: 403, Compute Engine API has not been used in project 886629696694 before or it is disabled. Enable it by visiting https://console.developers.google.com/apis/api/compute.googleapis.com/overview?project=886629696694 then retry. If you enabled this API recently, wait a few minutes for the action to propagate to our systems and retry.","status":403}
[debug] [2025-05-22T15:43:38.504Z] Checked if tokens are valid: true, expires at: 1747931282747
[debug] [2025-05-22T15:43:38.504Z] Checked if tokens are valid: true, expires at: 1747931282747
[debug] [2025-05-22T15:43:38.504Z] >>> [apiv2][query] GET https://compute.googleapis.com/compute/v1/projects/886629696694 [none]
[debug] [2025-05-22T15:43:38.695Z] <<< [apiv2][status] GET https://compute.googleapis.com/compute/v1/projects/886629696694 403
[debug] [2025-05-22T15:43:38.695Z] <<< [apiv2][body] GET https://compute.googleapis.com/compute/v1/projects/886629696694 {"error":{"code":403,"message":"Compute Engine API has not been used in project 886629696694 before or it is disabled. Enable it by visiting https://console.developers.google.com/apis/api/compute.googleapis.com/overview?project=886629696694 then retry. If you enabled this API recently, wait a few minutes for the action to propagate to our systems and retry.","errors":[{"message":"Compute Engine API has not been used in project 886629696694 before or it is disabled. Enable it by visiting https://console.developers.google.com/apis/api/compute.googleapis.com/overview?project=886629696694 then retry. If you enabled this API recently, wait a few minutes for the action to propagate to our systems and retry.","domain":"usageLimits","reason":"accessNotConfigured","extendedHelp":"https://console.developers.google.com"}],"status":"PERMISSION_DENIED","details":[{"@type":"type.googleapis.com/google.rpc.ErrorInfo","reason":"SERVICE_DISABLED","domain":"googleapis.com","metadata":{"service":"compute.googleapis.com","activationUrl":"https://console.developers.google.com/apis/api/compute.googleapis.com/overview?project=886629696694","consumer":"projects/886629696694","serviceTitle":"Compute Engine API","containerInfo":"886629696694"}},{"@type":"type.googleapis.com/google.rpc.LocalizedMessage","locale":"en-US","message":"Compute Engine API has not been used in project 886629696694 before or it is disabled. Enable it by visiting https://console.developers.google.com/apis/api/compute.googleapis.com/overview?project=886629696694 then retry. If you enabled this API recently, wait a few minutes for the action to propagate to our systems and retry."},{"@type":"type.googleapis.com/google.rpc.Help","links":[{"description":"Google developers console API activation","url":"https://console.developers.google.com/apis/api/compute.googleapis.com/overview?project=886629696694"}]}]}}
[debug] [2025-05-22T15:43:38.695Z] unable to look up default compute service account. Falling back to 886629696694-compute@developer.gserviceaccount.com. Error: {"name":"FirebaseError","children":[],"context":{"body":{"error":{"code":403,"message":"Compute Engine API has not been used in project 886629696694 before or it is disabled. Enable it by visiting https://console.developers.google.com/apis/api/compute.googleapis.com/overview?project=886629696694 then retry. If you enabled this API recently, wait a few minutes for the action to propagate to our systems and retry.","errors":[{"message":"Compute Engine API has not been used in project 886629696694 before or it is disabled. Enable it by visiting https://console.developers.google.com/apis/api/compute.googleapis.com/overview?project=886629696694 then retry. If you enabled this API recently, wait a few minutes for the action to propagate to our systems and retry.","domain":"usageLimits","reason":"accessNotConfigured","extendedHelp":"https://console.developers.google.com"}],"status":"PERMISSION_DENIED","details":[{"@type":"type.googleapis.com/google.rpc.ErrorInfo","reason":"SERVICE_DISABLED","domain":"googleapis.com","metadata":{"service":"compute.googleapis.com","activationUrl":"https://console.developers.google.com/apis/api/compute.googleapis.com/overview?project=886629696694","consumer":"projects/886629696694","serviceTitle":"Compute Engine API","containerInfo":"886629696694"}},{"@type":"type.googleapis.com/google.rpc.LocalizedMessage","locale":"en-US","message":"Compute Engine API has not been used in project 886629696694 before or it is disabled. Enable it by visiting https://console.developers.google.com/apis/api/compute.googleapis.com/overview?project=886629696694 then retry. If you enabled this API recently, wait a few minutes for the action to propagate to our systems and retry."},{"@type":"type.googleapis.com/google.rpc.Help","links":[{"description":"Google developers console API activation","url":"https://console.developers.google.com/apis/api/compute.googleapis.com/overview?project=886629696694"}]}]}},"response":{"statusCode":403}},"exit":1,"message":"Request to https://compute.googleapis.com/compute/v1/projects/886629696694 had HTTP Error: 403, Compute Engine API has not been used in project 886629696694 before or it is disabled. Enable it by visiting https://console.developers.google.com/apis/api/compute.googleapis.com/overview?project=886629696694 then retry. If you enabled this API recently, wait a few minutes for the action to propagate to our systems and retry.","status":403}
[debug] [2025-05-22T15:43:38.697Z] Checked if tokens are valid: true, expires at: 1747931282747
[debug] [2025-05-22T15:43:38.697Z] Checked if tokens are valid: true, expires at: 1747931282747
[debug] [2025-05-22T15:43:38.697Z] >>> [apiv2][query] POST https://cloudfunctions.googleapis.com/v2/projects/sira-takip/locations/europe-west1/functions:generateUploadUrl [none]
[debug] [2025-05-22T15:43:38.897Z] <<< [apiv2][status] POST https://cloudfunctions.googleapis.com/v2/projects/sira-takip/locations/europe-west1/functions:generateUploadUrl 200
[debug] [2025-05-22T15:43:38.897Z] <<< [apiv2][body] POST https://cloudfunctions.googleapis.com/v2/projects/sira-takip/locations/europe-west1/functions:generateUploadUrl {"uploadUrl":"https://storage.googleapis.com/gcf-v2-uploads-886629696694.europe-west1.cloudfunctions.appspot.com/791ab2e0-71f2-4173-8491-3873cd7884f0.zip?GoogleAccessId=service-886629696694@gcf-admin-robot.iam.gserviceaccount.com&Expires=1747930418&Signature=laY8yi3S4lUdt6Al28lQhKv8brb6t9f1X%2FQwCMT3apqsZeXEZ9pmdrcAc7vVgrpDtnUKIJMEtgTUK5hfujk58VdCDU%2BhctXBH4QeQU3Y8jSj66B4ai8IF3Rtv3hp4jKnMvU5H7LHs3hJJMvC4I%2BD6cT%2BISoZI9do%2BPrqp8sut8dK1YOzQyv8Q3OBZ7cICBJ9z27btdo5s29emumtkZsAqYtEbrsXx%2BRc2GTWfVC5F2UdiZ5jQNF04nfBMMDsyrT9clLJicHonsTdcqTh3h8AD%2BqaSAxqAO5BcGh3s1IGybQ4ucsbVRiSPpkid%2BYK0Tai652Khho9%2BiePNUF939eQoA%3D%3D","storageSource":{"bucket":"gcf-v2-uploads-886629696694.europe-west1.cloudfunctions.appspot.com","object":"791ab2e0-71f2-4173-8491-3873cd7884f0.zip"}}
[debug] [2025-05-22T15:43:38.900Z] >>> [apiv2][query] PUT https://storage.googleapis.com/gcf-v2-uploads-886629696694.europe-west1.cloudfunctions.appspot.com/791ab2e0-71f2-4173-8491-3873cd7884f0.zip GoogleAccessId=service-886629696694%40gcf-admin-robot.iam.gserviceaccount.com&Expires=1747930418&Signature=laY8yi3S4lUdt6Al28lQhKv8brb6t9f1X%2FQwCMT3apqsZeXEZ9pmdrcAc7vVgrpDtnUKIJMEtgTUK5hfujk58VdCDU%2BhctXBH4QeQU3Y8jSj66B4ai8IF3Rtv3hp4jKnMvU5H7LHs3hJJMvC4I%2BD6cT%2BISoZI9do%2BPrqp8sut8dK1YOzQyv8Q3OBZ7cICBJ9z27btdo5s29emumtkZsAqYtEbrsXx%2BRc2GTWfVC5F2UdiZ5jQNF04nfBMMDsyrT9clLJicHonsTdcqTh3h8AD%2BqaSAxqAO5BcGh3s1IGybQ4ucsbVRiSPpkid%2BYK0Tai652Khho9%2BiePNUF939eQoA%3D%3D
[debug] [2025-05-22T15:43:38.900Z] >>> [apiv2][body] PUT https://storage.googleapis.com/gcf-v2-uploads-886629696694.europe-west1.cloudfunctions.appspot.com/791ab2e0-71f2-4173-8491-3873cd7884f0.zip [stream]
[debug] [2025-05-22T15:43:39.456Z] <<< [apiv2][status] PUT https://storage.googleapis.com/gcf-v2-uploads-886629696694.europe-west1.cloudfunctions.appspot.com/791ab2e0-71f2-4173-8491-3873cd7884f0.zip 200
[debug] [2025-05-22T15:43:39.456Z] <<< [apiv2][body] PUT https://storage.googleapis.com/gcf-v2-uploads-886629696694.europe-west1.cloudfunctions.appspot.com/791ab2e0-71f2-4173-8491-3873cd7884f0.zip [omitted]
[info] +  functions: functions folder uploaded successfully 
[info] i  functions: updating Node.js 22 (2nd Gen) function bildirimGonder(europe-west1)... 
[info] i  functions: updating Node.js 22 (2nd Gen) function currentIndexTakip(europe-west1)... 
[debug] [2025-05-22T15:43:39.463Z] Checked if tokens are valid: true, expires at: 1747931282747
[debug] [2025-05-22T15:43:39.464Z] Checked if tokens are valid: true, expires at: 1747931282747
[debug] [2025-05-22T15:43:39.464Z] >>> [apiv2][query] PATCH https://cloudfunctions.googleapis.com/v2/projects/sira-takip/locations/europe-west1/functions/bildirimGonder updateMask=name%2CbuildConfig.runtime%2CbuildConfig.entryPoint%2CbuildConfig.source.storageSource.bucket%2CbuildConfig.source.storageSource.object%2CbuildConfig.environmentVariables%2CbuildConfig.sourceToken%2CserviceConfig.environmentVariables%2CserviceConfig.ingressSettings%2CserviceConfig.timeoutSeconds%2CserviceConfig.serviceAccountEmail%2CserviceConfig.availableMemory%2CserviceConfig.minInstanceCount%2CserviceConfig.maxInstanceCount%2CserviceConfig.maxInstanceRequestConcurrency%2CserviceConfig.availableCpu%2CserviceConfig.vpcConnector%2CserviceConfig.vpcConnectorEgressSettings%2Clabels%2CeventTrigger.eventType%2CeventTrigger.retryPolicy%2CeventTrigger.eventFilters%2CeventTrigger.triggerRegion
[debug] [2025-05-22T15:43:39.464Z] >>> [apiv2][body] PATCH https://cloudfunctions.googleapis.com/v2/projects/sira-takip/locations/europe-west1/functions/bildirimGonder {"name":"projects/sira-takip/locations/europe-west1/functions/bildirimGonder","buildConfig":{"runtime":"nodejs22","entryPoint":"bildirimGonder","source":{"storageSource":{"bucket":"gcf-v2-uploads-886629696694.europe-west1.cloudfunctions.appspot.com","object":"791ab2e0-71f2-4173-8491-3873cd7884f0.zip"}},"environmentVariables":{"GOOGLE_NODE_RUN_SCRIPTS":""}},"serviceConfig":{"environmentVariables":{"FIREBASE_CONFIG":"{\"projectId\":\"sira-takip\",\"databaseURL\":\"https://sira-takip-default-rtdb.europe-west1.firebasedatabase.app\",\"storageBucket\":\"sira-takip.firebasestorage.app\"}","GCLOUD_PROJECT":"sira-takip","EVENTARC_CLOUD_EVENT_SOURCE":"projects/sira-takip/locations/europe-west1/services/bildirimGonder","FUNCTION_SIGNATURE_TYPE":"cloudevent","FUNCTION_TARGET":"bildirimGonder","LOG_EXECUTION_ID":"true"},"ingressSettings":null,"timeoutSeconds":null,"serviceAccountEmail":null,"availableMemory":"256Mi","minInstanceCount":null,"maxInstanceCount":null,"maxInstanceRequestConcurrency":80,"availableCpu":"1","vpcConnector":null,"vpcConnectorEgressSettings":null},"labels":{"deployment-tool":"cli-firebase","firebase-functions-hash":"a539f5f153919f58eea5f0beb2b2e9325b416ece"},"eventTrigger":{"eventType":"google.firebase.database.ref.v1.written","retryPolicy":"RETRY_POLICY_DO_NOT_RETRY","eventFilters":[{"attribute":"ref","value":"siradakiKisi","operator":"match-path-pattern"},{"attribute":"instance","value":"*","operator":"match-path-pattern"}],"triggerRegion":"europe-west1"}}
[debug] [2025-05-22T15:43:40.754Z] <<< [apiv2][status] PATCH https://cloudfunctions.googleapis.com/v2/projects/sira-takip/locations/europe-west1/functions/bildirimGonder 200
[debug] [2025-05-22T15:43:40.754Z] <<< [apiv2][body] PATCH https://cloudfunctions.googleapis.com/v2/projects/sira-takip/locations/europe-west1/functions/bildirimGonder {"name":"projects/sira-takip/locations/europe-west1/operations/operation-1747928619595-635bb5876b841-d121647b-81ce6726","metadata":{"@type":"type.googleapis.com/google.cloud.functions.v2.OperationMetadata","createTime":"2025-05-22T15:43:40.731041089Z","target":"projects/sira-takip/locations/europe-west1/functions/bildirimGonder","verb":"update","cancelRequested":false,"apiVersion":"v2"},"done":false}
[debug] [2025-05-22T15:43:40.755Z] Checked if tokens are valid: true, expires at: 1747931282747
[debug] [2025-05-22T15:43:40.755Z] Checked if tokens are valid: true, expires at: 1747931282747
[debug] [2025-05-22T15:43:40.756Z] >>> [apiv2][query] GET https://cloudfunctions.googleapis.com/v2/projects/sira-takip/locations/europe-west1/operations/operation-1747928619595-635bb5876b841-d121647b-81ce6726 [none]
[debug] [2025-05-22T15:43:40.902Z] <<< [apiv2][status] GET https://cloudfunctions.googleapis.com/v2/projects/sira-takip/locations/europe-west1/operations/operation-1747928619595-635bb5876b841-d121647b-81ce6726 200
[debug] [2025-05-22T15:43:40.902Z] <<< [apiv2][body] GET https://cloudfunctions.googleapis.com/v2/projects/sira-takip/locations/europe-west1/operations/operation-1747928619595-635bb5876b841-d121647b-81ce6726 {"name":"projects/sira-takip/locations/europe-west1/operations/operation-1747928619595-635bb5876b841-d121647b-81ce6726","metadata":{"@type":"type.googleapis.com/google.cloud.functions.v2.OperationMetadata","createTime":"2025-05-22T15:43:40.731041089Z","target":"projects/sira-takip/locations/europe-west1/functions/bildirimGonder","verb":"update","cancelRequested":false,"apiVersion":"v2","requestResource":{"@type":"type.googleapis.com/google.cloud.functions.v2.Function","name":"projects/sira-takip/locations/europe-west1/functions/bildirimGonder","buildConfig":{"runtime":"nodejs22","entryPoint":"bildirimGonder","source":{"storageSource":{"bucket":"gcf-v2-sources-886629696694-europe-west1","object":"bildirimGonder/function-source.zip","generation":"1747928620682742"}},"environmentVariables":{"GOOGLE_NODE_RUN_SCRIPTS":""},"dockerRepository":"projects/sira-takip/locations/europe-west1/repositories/gcf-artifacts","sourceProvenance":{"resolvedStorageSource":{"bucket":"gcf-v2-sources-886629696694-europe-west1","object":"bildirimGonder/function-source.zip","generation":"1747927866288338"}},"dockerRegistry":"ARTIFACT_REGISTRY","serviceAccount":"projects/sira-takip/serviceAccounts/886629696694-compute@developer.gserviceaccount.com","automaticUpdatePolicy":{}},"serviceConfig":{"service":"projects/sira-takip/locations/europe-west1/services/bildirimgonder","timeoutSeconds":60,"environmentVariables":{"FIREBASE_CONFIG":"{\"projectId\":\"sira-takip\",\"databaseURL\":\"https://sira-takip-default-rtdb.europe-west1.firebasedatabase.app\",\"storageBucket\":\"sira-takip.firebasestorage.app\"}","GCLOUD_PROJECT":"sira-takip","EVENTARC_CLOUD_EVENT_SOURCE":"projects/sira-takip/locations/europe-west1/services/bildirimGonder","FUNCTION_SIGNATURE_TYPE":"cloudevent","FUNCTION_TARGET":"bildirimGonder","LOG_EXECUTION_ID":"true"},"ingressSettings":"ALLOW_ALL","uri":"https://bildirimgonder-npm4mtkzhq-ew.a.run.app","serviceAccountEmail":"886629696694-compute@developer.gserviceaccount.com","availableMemory":"256Mi","allTrafficOnLatestRevision":true,"revision":"bildirimgonder-00002-tuf","maxInstanceRequestConcurrency":80,"availableCpu":"1"},"eventTrigger":{"trigger":"projects/sira-takip/locations/europe-west1/triggers/bildirimgonder-816229","triggerRegion":"europe-west1","eventType":"google.firebase.database.ref.v1.written","eventFilters":[{"attribute":"ref","value":"siradakiKisi","operator":"match-path-pattern"},{"attribute":"instance","value":"*","operator":"match-path-pattern"}],"pubsubTopic":"projects/sira-takip/topics/eventarc-europe-west1-bildirimgonder-816229-297","serviceAccountEmail":"886629696694-compute@developer.gserviceaccount.com","retryPolicy":"RETRY_POLICY_DO_NOT_RETRY"},"state":"ACTIVE","labels":{"deployment-tool":"cli-firebase","firebase-functions-hash":"a539f5f153919f58eea5f0beb2b2e9325b416ece"},"environment":"GEN_2","url":"https://europe-west1-sira-takip.cloudfunctions.net/bildirimGonder","satisfiesPzi":true},"stages":[{"name":"BUILD","state":"NOT_STARTED"},{"name":"SERVICE","state":"NOT_STARTED"},{"name":"TRIGGER","state":"NOT_STARTED"}],"operationType":"UPDATE_FUNCTION"},"done":false}
[debug] [2025-05-22T15:43:41.413Z] [update-default-europe-west1-bildirimGonder] Retrying task index 0
[debug] [2025-05-22T15:43:41.413Z] Checked if tokens are valid: true, expires at: 1747931282747
[debug] [2025-05-22T15:43:41.413Z] Checked if tokens are valid: true, expires at: 1747931282747
[debug] [2025-05-22T15:43:41.413Z] >>> [apiv2][query] GET https://cloudfunctions.googleapis.com/v2/projects/sira-takip/locations/europe-west1/operations/operation-1747928619595-635bb5876b841-d121647b-81ce6726 [none]
[debug] [2025-05-22T15:43:41.549Z] <<< [apiv2][status] GET https://cloudfunctions.googleapis.com/v2/projects/sira-takip/locations/europe-west1/operations/operation-1747928619595-635bb5876b841-d121647b-81ce6726 200
[debug] [2025-05-22T15:43:41.550Z] <<< [apiv2][body] GET https://cloudfunctions.googleapis.com/v2/projects/sira-takip/locations/europe-west1/operations/operation-1747928619595-635bb5876b841-d121647b-81ce6726 {"name":"projects/sira-takip/locations/europe-west1/operations/operation-1747928619595-635bb5876b841-d121647b-81ce6726","metadata":{"@type":"type.googleapis.com/google.cloud.functions.v2.OperationMetadata","createTime":"2025-05-22T15:43:40.731041089Z","target":"projects/sira-takip/locations/europe-west1/functions/bildirimGonder","verb":"update","cancelRequested":false,"apiVersion":"v2","requestResource":{"@type":"type.googleapis.com/google.cloud.functions.v2.Function","name":"projects/sira-takip/locations/europe-west1/functions/bildirimGonder","buildConfig":{"runtime":"nodejs22","entryPoint":"bildirimGonder","source":{"storageSource":{"bucket":"gcf-v2-sources-886629696694-europe-west1","object":"bildirimGonder/function-source.zip","generation":"1747928620682742"}},"environmentVariables":{"GOOGLE_NODE_RUN_SCRIPTS":""},"dockerRepository":"projects/sira-takip/locations/europe-west1/repositories/gcf-artifacts","sourceProvenance":{"resolvedStorageSource":{"bucket":"gcf-v2-sources-886629696694-europe-west1","object":"bildirimGonder/function-source.zip","generation":"1747927866288338"}},"dockerRegistry":"ARTIFACT_REGISTRY","serviceAccount":"projects/sira-takip/serviceAccounts/886629696694-compute@developer.gserviceaccount.com","automaticUpdatePolicy":{}},"serviceConfig":{"service":"projects/sira-takip/locations/europe-west1/services/bildirimgonder","timeoutSeconds":60,"environmentVariables":{"FIREBASE_CONFIG":"{\"projectId\":\"sira-takip\",\"databaseURL\":\"https://sira-takip-default-rtdb.europe-west1.firebasedatabase.app\",\"storageBucket\":\"sira-takip.firebasestorage.app\"}","GCLOUD_PROJECT":"sira-takip","EVENTARC_CLOUD_EVENT_SOURCE":"projects/sira-takip/locations/europe-west1/services/bildirimGonder","FUNCTION_SIGNATURE_TYPE":"cloudevent","FUNCTION_TARGET":"bildirimGonder","LOG_EXECUTION_ID":"true"},"ingressSettings":"ALLOW_ALL","uri":"https://bildirimgonder-npm4mtkzhq-ew.a.run.app","serviceAccountEmail":"886629696694-compute@developer.gserviceaccount.com","availableMemory":"256Mi","allTrafficOnLatestRevision":true,"revision":"bildirimgonder-00002-tuf","maxInstanceRequestConcurrency":80,"availableCpu":"1"},"eventTrigger":{"trigger":"projects/sira-takip/locations/europe-west1/triggers/bildirimgonder-816229","triggerRegion":"europe-west1","eventType":"google.firebase.database.ref.v1.written","eventFilters":[{"attribute":"ref","value":"siradakiKisi","operator":"match-path-pattern"},{"attribute":"instance","value":"*","operator":"match-path-pattern"}],"pubsubTopic":"projects/sira-takip/topics/eventarc-europe-west1-bildirimgonder-816229-297","serviceAccountEmail":"886629696694-compute@developer.gserviceaccount.com","retryPolicy":"RETRY_POLICY_DO_NOT_RETRY"},"state":"ACTIVE","labels":{"deployment-tool":"cli-firebase","firebase-functions-hash":"a539f5f153919f58eea5f0beb2b2e9325b416ece"},"environment":"GEN_2","url":"https://europe-west1-sira-takip.cloudfunctions.net/bildirimGonder","satisfiesPzi":true},"stages":[{"name":"BUILD","state":"NOT_STARTED"},{"name":"SERVICE","state":"NOT_STARTED"},{"name":"TRIGGER","state":"NOT_STARTED"}],"operationType":"UPDATE_FUNCTION"},"done":false}
[debug] [2025-05-22T15:43:42.585Z] [update-default-europe-west1-bildirimGonder] Retrying task index 0
[debug] [2025-05-22T15:43:42.585Z] Checked if tokens are valid: true, expires at: 1747931282747
[debug] [2025-05-22T15:43:42.585Z] Checked if tokens are valid: true, expires at: 1747931282747
[debug] [2025-05-22T15:43:42.585Z] >>> [apiv2][query] GET https://cloudfunctions.googleapis.com/v2/projects/sira-takip/locations/europe-west1/operations/operation-1747928619595-635bb5876b841-d121647b-81ce6726 [none]
[debug] [2025-05-22T15:43:42.808Z] <<< [apiv2][status] GET https://cloudfunctions.googleapis.com/v2/projects/sira-takip/locations/europe-west1/operations/operation-1747928619595-635bb5876b841-d121647b-81ce6726 200
[debug] [2025-05-22T15:43:42.808Z] <<< [apiv2][body] GET https://cloudfunctions.googleapis.com/v2/projects/sira-takip/locations/europe-west1/operations/operation-1747928619595-635bb5876b841-d121647b-81ce6726 {"name":"projects/sira-takip/locations/europe-west1/operations/operation-1747928619595-635bb5876b841-d121647b-81ce6726","metadata":{"@type":"type.googleapis.com/google.cloud.functions.v2.OperationMetadata","createTime":"2025-05-22T15:43:40.731041089Z","target":"projects/sira-takip/locations/europe-west1/functions/bildirimGonder","verb":"update","cancelRequested":false,"apiVersion":"v2","requestResource":{"@type":"type.googleapis.com/google.cloud.functions.v2.Function","name":"projects/sira-takip/locations/europe-west1/functions/bildirimGonder","buildConfig":{"runtime":"nodejs22","entryPoint":"bildirimGonder","source":{"storageSource":{"bucket":"gcf-v2-sources-886629696694-europe-west1","object":"bildirimGonder/function-source.zip","generation":"1747928620682742"}},"environmentVariables":{"GOOGLE_NODE_RUN_SCRIPTS":""},"dockerRepository":"projects/sira-takip/locations/europe-west1/repositories/gcf-artifacts","sourceProvenance":{"resolvedStorageSource":{"bucket":"gcf-v2-sources-886629696694-europe-west1","object":"bildirimGonder/function-source.zip","generation":"1747927866288338"}},"dockerRegistry":"ARTIFACT_REGISTRY","serviceAccount":"projects/sira-takip/serviceAccounts/886629696694-compute@developer.gserviceaccount.com","automaticUpdatePolicy":{}},"serviceConfig":{"service":"projects/sira-takip/locations/europe-west1/services/bildirimgonder","timeoutSeconds":60,"environmentVariables":{"FIREBASE_CONFIG":"{\"projectId\":\"sira-takip\",\"databaseURL\":\"https://sira-takip-default-rtdb.europe-west1.firebasedatabase.app\",\"storageBucket\":\"sira-takip.firebasestorage.app\"}","GCLOUD_PROJECT":"sira-takip","EVENTARC_CLOUD_EVENT_SOURCE":"projects/sira-takip/locations/europe-west1/services/bildirimGonder","FUNCTION_SIGNATURE_TYPE":"cloudevent","FUNCTION_TARGET":"bildirimGonder","LOG_EXECUTION_ID":"true"},"ingressSettings":"ALLOW_ALL","uri":"https://bildirimgonder-npm4mtkzhq-ew.a.run.app","serviceAccountEmail":"886629696694-compute@developer.gserviceaccount.com","availableMemory":"256Mi","allTrafficOnLatestRevision":true,"revision":"bildirimgonder-00002-tuf","maxInstanceRequestConcurrency":80,"availableCpu":"1"},"eventTrigger":{"trigger":"projects/sira-takip/locations/europe-west1/triggers/bildirimgonder-816229","triggerRegion":"europe-west1","eventType":"google.firebase.database.ref.v1.written","eventFilters":[{"attribute":"ref","value":"siradakiKisi","operator":"match-path-pattern"},{"attribute":"instance","value":"*","operator":"match-path-pattern"}],"pubsubTopic":"projects/sira-takip/topics/eventarc-europe-west1-bildirimgonder-816229-297","serviceAccountEmail":"886629696694-compute@developer.gserviceaccount.com","retryPolicy":"RETRY_POLICY_DO_NOT_RETRY"},"state":"ACTIVE","labels":{"deployment-tool":"cli-firebase","firebase-functions-hash":"a539f5f153919f58eea5f0beb2b2e9325b416ece"},"environment":"GEN_2","url":"https://europe-west1-sira-takip.cloudfunctions.net/bildirimGonder","satisfiesPzi":true},"stages":[{"name":"BUILD","message":"Build in progress","state":"IN_PROGRESS","resource":"projects/886629696694/locations/europe-west1/builds/3461112a-bb9a-4001-b9fe-4f430d82f2eb","resourceUri":"https://console.cloud.google.com/cloud-build/builds;region=europe-west1/3461112a-bb9a-4001-b9fe-4f430d82f2eb?project=886629696694"},{"name":"SERVICE","state":"NOT_STARTED"},{"name":"TRIGGER","state":"NOT_STARTED"}],"operationType":"UPDATE_FUNCTION","buildName":"projects/886629696694/locations/europe-west1/builds/3461112a-bb9a-4001-b9fe-4f430d82f2eb"},"done":false}
