[debug] [2025-05-21T23:45:53.165Z] ----------------------------------------------------------------------
[debug] [2025-05-21T23:45:53.170Z] Command:       C:\Program Files\nodejs\node.exe C:\Users\muham\AppData\Roaming\npm\node_modules\firebase-tools\lib\bin\firebase.js init functions
[debug] [2025-05-21T23:45:53.171Z] CLI Version:   14.4.0
[debug] [2025-05-21T23:45:53.171Z] Platform:      win32
[debug] [2025-05-21T23:45:53.171Z] Node Version:  v20.15.0
[debug] [2025-05-21T23:45:53.171Z] Time:          Thu May 22 2025 02:45:53 GMT+0300 (GMT+03:00)
[debug] [2025-05-21T23:45:53.171Z] ----------------------------------------------------------------------
[debug] 
[debug] [2025-05-21T23:45:53.182Z] > command requires scopes: ["email","openid","https://www.googleapis.com/auth/cloudplatformprojects.readonly","https://www.googleapis.com/auth/firebase","https://www.googleapis.com/auth/cloud-platform"]
[debug] [2025-05-21T23:45:53.183Z] > authorizing via signed-in user (muhammedalibekir@gmail.com)
[info] 
     ######## #### ########  ######## ########     ###     ######  ########
     ##        ##  ##     ## ##       ##     ##  ##   ##  ##       ##
     ######    ##  ########  ######   ########  #########  ######  ######
     ##        ##  ##    ##  ##       ##     ## ##     ##       ## ##
     ##       #### ##     ## ######## ########  ##     ##  ######  ########

You're about to initialize a Firebase project in this directory:

  C:\Users\muham\OneDrive\Desktop\sira-takip-main\src

[info] 
=== Project Setup
[info] 
[info] First, let's associate this project directory with a Firebase project.
[info] You can create multiple project aliases by running firebase use --add, 
[info] but for now we'll just set up a default project.
[info] 
[debug] [2025-05-21T23:46:50.208Z] ExitPromptError: User force closed the prompt with SIGINT
    at Interface.sigint (C:\Users\muham\AppData\Roaming\npm\node_modules\firebase-tools\node_modules\@inquirer\core\dist\commonjs\lib\create-prompt.js:100:37)
    at Interface.emit (node:events:519:28)
    at Interface.emit (node:domain:488:12)
    at [_ttyWrite] [as _ttyWrite] (node:internal/readline/interface:1126:18)
    at ReadStream.onkeypress (node:internal/readline/interface:265:20)
    at ReadStream.emit (node:events:531:35)
    at ReadStream.emit (node:domain:488:12)
    at emitKeys (node:internal/readline/utils:371:14)
    at emitKeys.next (<anonymous>)
    at ReadStream.onData (node:internal/readline/emitKeypressEvents:64:36)
[error] 
[error] Error: An unexpected error has occurred.
